// Jest Snapshot v1, https://goo.gl/fbAQLP

exports[`List component should render properly 1`] = `
ShallowWrapper {
  Symbol(enzyme.__root__): [Circular],
  Symbol(enzyme.__unrendered__): <Sidebar />,
  Symbol(enzyme.__renderer__): Object {
    "batchedUpdates": [Function],
    "checkPropTypes": [Function],
    "getNode": [Function],
    "render": [Function],
    "simulateError": [Function],
    "simulateEvent": [Function],
    "unmount": [Function],
  },
  Symbol(enzyme.__node__): Object {
    "instance": null,
    "key": undefined,
    "nodeType": "host",
    "props": Object {
      "children": <ul>
        <li>
                <NavLink
                        activeClassName="tab-nav__selected"
                        aria-current="page"
                        to="/playlist"
                >
                        Playlist
                </NavLink>
        </li>
        <li>
                <NavLink
                        activeClassName="tab-nav__selected"
                        aria-current="page"
                        to="/search"
                >
                        Search
                </NavLink>
        </li>
</ul>,
      "className": "tab-nav",
    },
    "ref": null,
    "rendered": Object {
      "instance": null,
      "key": undefined,
      "nodeType": "host",
      "props": Object {
        "children": Array [
          <li>
            <NavLink
                        activeClassName="tab-nav__selected"
                        aria-current="page"
                        to="/playlist"
            >
                        Playlist
            </NavLink>
</li>,
          <li>
            <NavLink
                        activeClassName="tab-nav__selected"
                        aria-current="page"
                        to="/search"
            >
                        Search
            </NavLink>
</li>,
        ],
      },
      "ref": null,
      "rendered": Array [
        Object {
          "instance": null,
          "key": undefined,
          "nodeType": "host",
          "props": Object {
            "children": <NavLink
              activeClassName="tab-nav__selected"
              aria-current="page"
              to="/playlist"
>
              Playlist
</NavLink>,
          },
          "ref": null,
          "rendered": Object {
            "instance": null,
            "key": undefined,
            "nodeType": "function",
            "props": Object {
              "activeClassName": "tab-nav__selected",
              "aria-current": "page",
              "children": "Playlist",
              "to": "/playlist",
            },
            "ref": null,
            "rendered": "Playlist",
            "type": [Function],
          },
          "type": "li",
        },
        Object {
          "instance": null,
          "key": undefined,
          "nodeType": "host",
          "props": Object {
            "children": <NavLink
              activeClassName="tab-nav__selected"
              aria-current="page"
              to="/search"
>
              Search
</NavLink>,
          },
          "ref": null,
          "rendered": Object {
            "instance": null,
            "key": undefined,
            "nodeType": "function",
            "props": Object {
              "activeClassName": "tab-nav__selected",
              "aria-current": "page",
              "children": "Search",
              "to": "/search",
            },
            "ref": null,
            "rendered": "Search",
            "type": [Function],
          },
          "type": "li",
        },
      ],
      "type": "ul",
    },
    "type": "div",
  },
  Symbol(enzyme.__nodes__): Array [
    Object {
      "instance": null,
      "key": undefined,
      "nodeType": "host",
      "props": Object {
        "children": <ul>
          <li>
                    <NavLink
                              activeClassName="tab-nav__selected"
                              aria-current="page"
                              to="/playlist"
                    >
                              Playlist
                    </NavLink>
          </li>
          <li>
                    <NavLink
                              activeClassName="tab-nav__selected"
                              aria-current="page"
                              to="/search"
                    >
                              Search
                    </NavLink>
          </li>
</ul>,
        "className": "tab-nav",
      },
      "ref": null,
      "rendered": Object {
        "instance": null,
        "key": undefined,
        "nodeType": "host",
        "props": Object {
          "children": Array [
            <li>
              <NavLink
                            activeClassName="tab-nav__selected"
                            aria-current="page"
                            to="/playlist"
              >
                            Playlist
              </NavLink>
</li>,
            <li>
              <NavLink
                            activeClassName="tab-nav__selected"
                            aria-current="page"
                            to="/search"
              >
                            Search
              </NavLink>
</li>,
          ],
        },
        "ref": null,
        "rendered": Array [
          Object {
            "instance": null,
            "key": undefined,
            "nodeType": "host",
            "props": Object {
              "children": <NavLink
                activeClassName="tab-nav__selected"
                aria-current="page"
                to="/playlist"
>
                Playlist
</NavLink>,
            },
            "ref": null,
            "rendered": Object {
              "instance": null,
              "key": undefined,
              "nodeType": "function",
              "props": Object {
                "activeClassName": "tab-nav__selected",
                "aria-current": "page",
                "children": "Playlist",
                "to": "/playlist",
              },
              "ref": null,
              "rendered": "Playlist",
              "type": [Function],
            },
            "type": "li",
          },
          Object {
            "instance": null,
            "key": undefined,
            "nodeType": "host",
            "props": Object {
              "children": <NavLink
                activeClassName="tab-nav__selected"
                aria-current="page"
                to="/search"
>
                Search
</NavLink>,
            },
            "ref": null,
            "rendered": Object {
              "instance": null,
              "key": undefined,
              "nodeType": "function",
              "props": Object {
                "activeClassName": "tab-nav__selected",
                "aria-current": "page",
                "children": "Search",
                "to": "/search",
              },
              "ref": null,
              "rendered": "Search",
              "type": [Function],
            },
            "type": "li",
          },
        ],
        "type": "ul",
      },
      "type": "div",
    },
  ],
  Symbol(enzyme.__options__): Object {
    "adapter": ReactSixteenAdapter {
      "options": Object {
        "enableComponentDidUpdateOnSetState": true,
        "legacyContextMode": "parent",
        "lifecycles": Object {
          "componentDidUpdate": Object {
            "onSetState": true,
          },
          "getChildContext": Object {
            "calledByRenderer": false,
          },
          "getDerivedStateFromError": true,
          "getDerivedStateFromProps": Object {
            "hasShouldComponentUpdateBug": false,
          },
          "getSnapshotBeforeUpdate": true,
          "setState": Object {
            "skipsComponentDidUpdateOnNullish": true,
          },
        },
      },
    },
  },
  Symbol(enzyme.__childContext__): null,
}
`;

exports[`should have only two links 1`] = `
ShallowWrapper {
  Symbol(enzyme.__root__): [Circular],
  Symbol(enzyme.__unrendered__): <Sidebar />,
  Symbol(enzyme.__renderer__): Object {
    "batchedUpdates": [Function],
    "checkPropTypes": [Function],
    "getNode": [Function],
    "render": [Function],
    "simulateError": [Function],
    "simulateEvent": [Function],
    "unmount": [Function],
  },
  Symbol(enzyme.__node__): Object {
    "instance": null,
    "key": undefined,
    "nodeType": "host",
    "props": Object {
      "children": <ul>
        <li>
                <NavLink
                        activeClassName="tab-nav__selected"
                        aria-current="page"
                        to="/playlist"
                >
                        Playlist
                </NavLink>
        </li>
        <li>
                <NavLink
                        activeClassName="tab-nav__selected"
                        aria-current="page"
                        to="/search"
                >
                        Search
                </NavLink>
        </li>
</ul>,
      "className": "tab-nav",
    },
    "ref": null,
    "rendered": Object {
      "instance": null,
      "key": undefined,
      "nodeType": "host",
      "props": Object {
        "children": Array [
          <li>
            <NavLink
                        activeClassName="tab-nav__selected"
                        aria-current="page"
                        to="/playlist"
            >
                        Playlist
            </NavLink>
</li>,
          <li>
            <NavLink
                        activeClassName="tab-nav__selected"
                        aria-current="page"
                        to="/search"
            >
                        Search
            </NavLink>
</li>,
        ],
      },
      "ref": null,
      "rendered": Array [
        Object {
          "instance": null,
          "key": undefined,
          "nodeType": "host",
          "props": Object {
            "children": <NavLink
              activeClassName="tab-nav__selected"
              aria-current="page"
              to="/playlist"
>
              Playlist
</NavLink>,
          },
          "ref": null,
          "rendered": Object {
            "instance": null,
            "key": undefined,
            "nodeType": "function",
            "props": Object {
              "activeClassName": "tab-nav__selected",
              "aria-current": "page",
              "children": "Playlist",
              "to": "/playlist",
            },
            "ref": null,
            "rendered": "Playlist",
            "type": [Function],
          },
          "type": "li",
        },
        Object {
          "instance": null,
          "key": undefined,
          "nodeType": "host",
          "props": Object {
            "children": <NavLink
              activeClassName="tab-nav__selected"
              aria-current="page"
              to="/search"
>
              Search
</NavLink>,
          },
          "ref": null,
          "rendered": Object {
            "instance": null,
            "key": undefined,
            "nodeType": "function",
            "props": Object {
              "activeClassName": "tab-nav__selected",
              "aria-current": "page",
              "children": "Search",
              "to": "/search",
            },
            "ref": null,
            "rendered": "Search",
            "type": [Function],
          },
          "type": "li",
        },
      ],
      "type": "ul",
    },
    "type": "div",
  },
  Symbol(enzyme.__nodes__): Array [
    Object {
      "instance": null,
      "key": undefined,
      "nodeType": "host",
      "props": Object {
        "children": <ul>
          <li>
                    <NavLink
                              activeClassName="tab-nav__selected"
                              aria-current="page"
                              to="/playlist"
                    >
                              Playlist
                    </NavLink>
          </li>
          <li>
                    <NavLink
                              activeClassName="tab-nav__selected"
                              aria-current="page"
                              to="/search"
                    >
                              Search
                    </NavLink>
          </li>
</ul>,
        "className": "tab-nav",
      },
      "ref": null,
      "rendered": Object {
        "instance": null,
        "key": undefined,
        "nodeType": "host",
        "props": Object {
          "children": Array [
            <li>
              <NavLink
                            activeClassName="tab-nav__selected"
                            aria-current="page"
                            to="/playlist"
              >
                            Playlist
              </NavLink>
</li>,
            <li>
              <NavLink
                            activeClassName="tab-nav__selected"
                            aria-current="page"
                            to="/search"
              >
                            Search
              </NavLink>
</li>,
          ],
        },
        "ref": null,
        "rendered": Array [
          Object {
            "instance": null,
            "key": undefined,
            "nodeType": "host",
            "props": Object {
              "children": <NavLink
                activeClassName="tab-nav__selected"
                aria-current="page"
                to="/playlist"
>
                Playlist
</NavLink>,
            },
            "ref": null,
            "rendered": Object {
              "instance": null,
              "key": undefined,
              "nodeType": "function",
              "props": Object {
                "activeClassName": "tab-nav__selected",
                "aria-current": "page",
                "children": "Playlist",
                "to": "/playlist",
              },
              "ref": null,
              "rendered": "Playlist",
              "type": [Function],
            },
            "type": "li",
          },
          Object {
            "instance": null,
            "key": undefined,
            "nodeType": "host",
            "props": Object {
              "children": <NavLink
                activeClassName="tab-nav__selected"
                aria-current="page"
                to="/search"
>
                Search
</NavLink>,
            },
            "ref": null,
            "rendered": Object {
              "instance": null,
              "key": undefined,
              "nodeType": "function",
              "props": Object {
                "activeClassName": "tab-nav__selected",
                "aria-current": "page",
                "children": "Search",
                "to": "/search",
              },
              "ref": null,
              "rendered": "Search",
              "type": [Function],
            },
            "type": "li",
          },
        ],
        "type": "ul",
      },
      "type": "div",
    },
  ],
  Symbol(enzyme.__options__): Object {
    "adapter": ReactSixteenAdapter {
      "options": Object {
        "enableComponentDidUpdateOnSetState": true,
        "legacyContextMode": "parent",
        "lifecycles": Object {
          "componentDidUpdate": Object {
            "onSetState": true,
          },
          "getChildContext": Object {
            "calledByRenderer": false,
          },
          "getDerivedStateFromError": true,
          "getDerivedStateFromProps": Object {
            "hasShouldComponentUpdateBug": false,
          },
          "getSnapshotBeforeUpdate": true,
          "setState": Object {
            "skipsComponentDidUpdateOnNullish": true,
          },
        },
      },
    },
  },
  Symbol(enzyme.__childContext__): null,
}
`;
